<html>
<body>
<pre>
<h1>µVision Build Log</h1>
<h2>Project:</h2>
C:\Users\Ishaan Vatus\Programs\git\lpc1768_speaker\speaker.uvproj
Project File Date:  04/09/2024

<h2>Output:</h2>
Build target 'Target 1'
linking...
Program Size: Code=7860 RO-data=524 RW-data=4 ZI-data=612  
".\speaker.axf" - 0 Error(s), 0 Warning(s).
i;
main.c: 1 warning, 0 errors
linking...
Program Size: Code=7860 RO-data=524 RW-data=4 ZI-data=612  
".\speaker.axf" - 0 Error(s), 1 Warning(s).
 (int i = 0; i < cycles; i++) {
waves.c(39): error:  #20: identifier "i" is undefined
      for (int i = 0; i < cycles; i++) {
waves.c(58): error:  #29: expected an expression
      for (int i = 0; i < cycles; i++) {
waves.c(58): error:  #20: identifier "i" is undefined
      for (int i = 0; i < cycles; i++) {
waves.c(55): warning:  #550-D: variable "dac_value" was set but never used
      int dac_value;
waves.c(76): error:  #29: expected an expression
      for (int i = 0; i < cycles; i++) {
waves.c(76): error:  #20: identifier "i" is undefined
      for (int i = 0; i < cycles; i++) {
main.c: 1 warning, 8 errors
".\speaker.axf" - 8 Error(s), 1 Warning(s).
Target not created
: identifier "i" is undefined
      for (int i = 0; i < cycles; i++) {
waves.c(73): error:  #268: declaration may not appear after executable statement in block
              int dac_value = (int)((value + 1.0) * (MAX_DAC_VALUE / 2.0)); 
main.c: 2 warnings, 9 errors
".\speaker.axf" - 9 Error(s), 2 Warning(s).
Target not created
